------------------------------------------------------------
Timing Analyzer Summary
------------------------------------------------------------

Type  : Slow 1100mV 85C Model Setup 'altera_pll:pll|outclk_wire[0]'
Slack : 6.764
TNS   : 0.000

Type  : Slow 1100mV 85C Model Setup 'altera_pll:pll|outclk_wire[1]'
Slack : 7.353
TNS   : 0.000

Type  : Slow 1100mV 85C Model Hold 'altera_pll:pll|outclk_wire[1]'
Slack : 0.202
TNS   : 0.000

Type  : Slow 1100mV 85C Model Hold 'altera_pll:pll|outclk_wire[0]'
Slack : 0.380
TNS   : 0.000

Type  : Slow 1100mV 85C Model Recovery 'altera_pll:pll|outclk_wire[1]'
Slack : 17.439
TNS   : 0.000

Type  : Slow 1100mV 85C Model Removal 'altera_pll:pll|outclk_wire[1]'
Slack : 0.390
TNS   : 0.000

Type  : Slow 1100mV 85C Model Minimum Pulse Width 'altera_pll:pll|general[0].gpll~FRACTIONAL_PLL_O_VCOPH0'
Slack : 0.976
TNS   : 0.000

Type  : Slow 1100mV 85C Model Minimum Pulse Width 'altera_pll:pll|outclk_wire[1]'
Slack : 8.502
TNS   : 0.000

Type  : Slow 1100mV 85C Model Minimum Pulse Width 'clk40'
Slack : 12.400
TNS   : 0.000

Type  : Slow 1100mV 85C Model Minimum Pulse Width 'altera_pll:pll|outclk_wire[0]'
Slack : 23.193
TNS   : 0.000

Type  : Slow 1100mV 0C Model Setup 'altera_pll:pll|outclk_wire[0]'
Slack : 6.927
TNS   : 0.000

Type  : Slow 1100mV 0C Model Setup 'altera_pll:pll|outclk_wire[1]'
Slack : 7.482
TNS   : 0.000

Type  : Slow 1100mV 0C Model Hold 'altera_pll:pll|outclk_wire[1]'
Slack : 0.123
TNS   : 0.000

Type  : Slow 1100mV 0C Model Hold 'altera_pll:pll|outclk_wire[0]'
Slack : 0.352
TNS   : 0.000

Type  : Slow 1100mV 0C Model Recovery 'altera_pll:pll|outclk_wire[1]'
Slack : 17.582
TNS   : 0.000

Type  : Slow 1100mV 0C Model Removal 'altera_pll:pll|outclk_wire[1]'
Slack : 0.330
TNS   : 0.000

Type  : Slow 1100mV 0C Model Minimum Pulse Width 'altera_pll:pll|general[0].gpll~FRACTIONAL_PLL_O_VCOPH0'
Slack : 0.976
TNS   : 0.000

Type  : Slow 1100mV 0C Model Minimum Pulse Width 'altera_pll:pll|outclk_wire[1]'
Slack : 8.467
TNS   : 0.000

Type  : Slow 1100mV 0C Model Minimum Pulse Width 'clk40'
Slack : 12.426
TNS   : 0.000

Type  : Slow 1100mV 0C Model Minimum Pulse Width 'altera_pll:pll|outclk_wire[0]'
Slack : 23.168
TNS   : 0.000

Type  : Fast 1100mV 85C Model Setup 'altera_pll:pll|outclk_wire[0]'
Slack : 8.053
TNS   : 0.000

Type  : Fast 1100mV 85C Model Setup 'altera_pll:pll|outclk_wire[1]'
Slack : 8.265
TNS   : 0.000

Type  : Fast 1100mV 85C Model Hold 'altera_pll:pll|outclk_wire[1]'
Slack : 0.163
TNS   : 0.000

Type  : Fast 1100mV 85C Model Hold 'altera_pll:pll|outclk_wire[0]'
Slack : 0.208
TNS   : 0.000

Type  : Fast 1100mV 85C Model Recovery 'altera_pll:pll|outclk_wire[1]'
Slack : 18.063
TNS   : 0.000

Type  : Fast 1100mV 85C Model Removal 'altera_pll:pll|outclk_wire[1]'
Slack : 0.204
TNS   : 0.000

Type  : Fast 1100mV 85C Model Minimum Pulse Width 'altera_pll:pll|general[0].gpll~FRACTIONAL_PLL_O_VCOPH0'
Slack : 0.976
TNS   : 0.000

Type  : Fast 1100mV 85C Model Minimum Pulse Width 'altera_pll:pll|outclk_wire[1]'
Slack : 8.634
TNS   : 0.000

Type  : Fast 1100mV 85C Model Minimum Pulse Width 'clk40'
Slack : 12.143
TNS   : 0.000

Type  : Fast 1100mV 85C Model Minimum Pulse Width 'altera_pll:pll|outclk_wire[0]'
Slack : 23.318
TNS   : 0.000

Type  : Fast 1100mV 0C Model Setup 'altera_pll:pll|outclk_wire[0]'
Slack : 8.202
TNS   : 0.000

Type  : Fast 1100mV 0C Model Setup 'altera_pll:pll|outclk_wire[1]'
Slack : 8.406
TNS   : 0.000

Type  : Fast 1100mV 0C Model Hold 'altera_pll:pll|outclk_wire[1]'
Slack : 0.116
TNS   : 0.000

Type  : Fast 1100mV 0C Model Hold 'altera_pll:pll|outclk_wire[0]'
Slack : 0.176
TNS   : 0.000

Type  : Fast 1100mV 0C Model Recovery 'altera_pll:pll|outclk_wire[1]'
Slack : 18.271
TNS   : 0.000

Type  : Fast 1100mV 0C Model Removal 'altera_pll:pll|outclk_wire[1]'
Slack : 0.149
TNS   : 0.000

Type  : Fast 1100mV 0C Model Minimum Pulse Width 'altera_pll:pll|general[0].gpll~FRACTIONAL_PLL_O_VCOPH0'
Slack : 0.976
TNS   : 0.000

Type  : Fast 1100mV 0C Model Minimum Pulse Width 'altera_pll:pll|outclk_wire[1]'
Slack : 8.636
TNS   : 0.000

Type  : Fast 1100mV 0C Model Minimum Pulse Width 'clk40'
Slack : 12.132
TNS   : 0.000

Type  : Fast 1100mV 0C Model Minimum Pulse Width 'altera_pll:pll|outclk_wire[0]'
Slack : 23.317
TNS   : 0.000

------------------------------------------------------------
