------------------------------------------------------------
Timing Analyzer Summary
------------------------------------------------------------

Type  : Slow 1100mV 85C Model Setup 'comb_62|pll_inst|altera_pll_i|general[0].gpll~PLL_OUTPUT_COUNTER|divclk'
Slack : -118.972
TNS   : -10039.476

Type  : Slow 1100mV 85C Model Setup 'clk20'
Slack : 1.900
TNS   : 0.000

Type  : Slow 1100mV 85C Model Hold 'comb_62|pll_inst|altera_pll_i|general[0].gpll~PLL_OUTPUT_COUNTER|divclk'
Slack : 0.111
TNS   : 0.000

Type  : Slow 1100mV 85C Model Hold 'clk20'
Slack : 0.375
TNS   : 0.000

Type  : Slow 1100mV 85C Model Recovery 'comb_62|pll_inst|altera_pll_i|general[0].gpll~PLL_OUTPUT_COUNTER|divclk'
Slack : 17.725
TNS   : 0.000

Type  : Slow 1100mV 85C Model Removal 'comb_62|pll_inst|altera_pll_i|general[0].gpll~PLL_OUTPUT_COUNTER|divclk'
Slack : 0.629
TNS   : 0.000

Type  : Slow 1100mV 85C Model Minimum Pulse Width 'comb_62|pll_inst|altera_pll_i|general[0].gpll~FRACTIONAL_PLL|vcoph[0]'
Slack : 1.666
TNS   : 0.000

Type  : Slow 1100mV 85C Model Minimum Pulse Width 'comb_62|pll_inst|altera_pll_i|general[0].gpll~PLL_OUTPUT_COUNTER|divclk'
Slack : 8.755
TNS   : 0.000

Type  : Slow 1100mV 85C Model Minimum Pulse Width 'clk20'
Slack : 23.864
TNS   : 0.000

Type  : Slow 1100mV 0C Model Setup 'comb_62|pll_inst|altera_pll_i|general[0].gpll~PLL_OUTPUT_COUNTER|divclk'
Slack : -120.857
TNS   : -10346.239

Type  : Slow 1100mV 0C Model Setup 'clk20'
Slack : 2.163
TNS   : 0.000

Type  : Slow 1100mV 0C Model Hold 'comb_62|pll_inst|altera_pll_i|general[0].gpll~PLL_OUTPUT_COUNTER|divclk'
Slack : 0.052
TNS   : 0.000

Type  : Slow 1100mV 0C Model Hold 'clk20'
Slack : 0.373
TNS   : 0.000

Type  : Slow 1100mV 0C Model Recovery 'comb_62|pll_inst|altera_pll_i|general[0].gpll~PLL_OUTPUT_COUNTER|divclk'
Slack : 17.862
TNS   : 0.000

Type  : Slow 1100mV 0C Model Removal 'comb_62|pll_inst|altera_pll_i|general[0].gpll~PLL_OUTPUT_COUNTER|divclk'
Slack : 0.501
TNS   : 0.000

Type  : Slow 1100mV 0C Model Minimum Pulse Width 'comb_62|pll_inst|altera_pll_i|general[0].gpll~FRACTIONAL_PLL|vcoph[0]'
Slack : 1.666
TNS   : 0.000

Type  : Slow 1100mV 0C Model Minimum Pulse Width 'comb_62|pll_inst|altera_pll_i|general[0].gpll~PLL_OUTPUT_COUNTER|divclk'
Slack : 8.733
TNS   : 0.000

Type  : Slow 1100mV 0C Model Minimum Pulse Width 'clk20'
Slack : 23.828
TNS   : 0.000

Type  : Fast 1100mV 85C Model Setup 'comb_62|pll_inst|altera_pll_i|general[0].gpll~PLL_OUTPUT_COUNTER|divclk'
Slack : -60.090
TNS   : -4665.426

Type  : Fast 1100mV 85C Model Setup 'clk20'
Slack : 5.186
TNS   : 0.000

Type  : Fast 1100mV 85C Model Hold 'comb_62|pll_inst|altera_pll_i|general[0].gpll~PLL_OUTPUT_COUNTER|divclk'
Slack : 0.135
TNS   : 0.000

Type  : Fast 1100mV 85C Model Hold 'clk20'
Slack : 0.200
TNS   : 0.000

Type  : Fast 1100mV 85C Model Recovery 'comb_62|pll_inst|altera_pll_i|general[0].gpll~PLL_OUTPUT_COUNTER|divclk'
Slack : 18.608
TNS   : 0.000

Type  : Fast 1100mV 85C Model Removal 'comb_62|pll_inst|altera_pll_i|general[0].gpll~PLL_OUTPUT_COUNTER|divclk'
Slack : 0.386
TNS   : 0.000

Type  : Fast 1100mV 85C Model Minimum Pulse Width 'comb_62|pll_inst|altera_pll_i|general[0].gpll~FRACTIONAL_PLL|vcoph[0]'
Slack : 1.666
TNS   : 0.000

Type  : Fast 1100mV 85C Model Minimum Pulse Width 'comb_62|pll_inst|altera_pll_i|general[0].gpll~PLL_OUTPUT_COUNTER|divclk'
Slack : 8.878
TNS   : 0.000

Type  : Fast 1100mV 85C Model Minimum Pulse Width 'clk20'
Slack : 23.805
TNS   : 0.000

Type  : Fast 1100mV 0C Model Setup 'comb_62|pll_inst|altera_pll_i|general[0].gpll~PLL_OUTPUT_COUNTER|divclk'
Slack : -54.395
TNS   : -4300.180

Type  : Fast 1100mV 0C Model Setup 'clk20'
Slack : 5.487
TNS   : 0.000

Type  : Fast 1100mV 0C Model Hold 'comb_62|pll_inst|altera_pll_i|general[0].gpll~PLL_OUTPUT_COUNTER|divclk'
Slack : 0.108
TNS   : 0.000

Type  : Fast 1100mV 0C Model Hold 'clk20'
Slack : 0.190
TNS   : 0.000

Type  : Fast 1100mV 0C Model Recovery 'comb_62|pll_inst|altera_pll_i|general[0].gpll~PLL_OUTPUT_COUNTER|divclk'
Slack : 18.764
TNS   : 0.000

Type  : Fast 1100mV 0C Model Removal 'comb_62|pll_inst|altera_pll_i|general[0].gpll~PLL_OUTPUT_COUNTER|divclk'
Slack : 0.277
TNS   : 0.000

Type  : Fast 1100mV 0C Model Minimum Pulse Width 'comb_62|pll_inst|altera_pll_i|general[0].gpll~FRACTIONAL_PLL|vcoph[0]'
Slack : 1.666
TNS   : 0.000

Type  : Fast 1100mV 0C Model Minimum Pulse Width 'comb_62|pll_inst|altera_pll_i|general[0].gpll~PLL_OUTPUT_COUNTER|divclk'
Slack : 8.879
TNS   : 0.000

Type  : Fast 1100mV 0C Model Minimum Pulse Width 'clk20'
Slack : 23.799
TNS   : 0.000

------------------------------------------------------------
