------------------------------------------------------------
Timing Analyzer Summary
------------------------------------------------------------

Type  : Slow 1100mV 85C Model Setup 'altera_pll:pll|outclk_wire[1]'
Slack : 7.470
TNS   : 0.000

Type  : Slow 1100mV 85C Model Setup 'altera_pll:pll|outclk_wire[0]'
Slack : 7.606
TNS   : 0.000

Type  : Slow 1100mV 85C Model Setup 'clk40'
Slack : 21.470
TNS   : 0.000

Type  : Slow 1100mV 85C Model Hold 'altera_pll:pll|outclk_wire[1]'
Slack : 0.236
TNS   : 0.000

Type  : Slow 1100mV 85C Model Hold 'clk40'
Slack : 0.396
TNS   : 0.000

Type  : Slow 1100mV 85C Model Hold 'altera_pll:pll|outclk_wire[0]'
Slack : 0.405
TNS   : 0.000

Type  : Slow 1100mV 85C Model Minimum Pulse Width 'altera_pll:pll|general[0].gpll~FRACTIONAL_PLL_O_VCOPH0'
Slack : 1.666
TNS   : 0.000

Type  : Slow 1100mV 85C Model Minimum Pulse Width 'altera_pll:pll|outclk_wire[1]'
Slack : 3.803
TNS   : 0.000

Type  : Slow 1100mV 85C Model Minimum Pulse Width 'clk40'
Slack : 11.927
TNS   : 0.000

Type  : Slow 1100mV 85C Model Minimum Pulse Width 'altera_pll:pll|outclk_wire[0]'
Slack : 24.308
TNS   : 0.000

Type  : Slow 1100mV 0C Model Setup 'altera_pll:pll|outclk_wire[1]'
Slack : 7.369
TNS   : 0.000

Type  : Slow 1100mV 0C Model Setup 'altera_pll:pll|outclk_wire[0]'
Slack : 7.771
TNS   : 0.000

Type  : Slow 1100mV 0C Model Setup 'clk40'
Slack : 21.539
TNS   : 0.000

Type  : Slow 1100mV 0C Model Hold 'altera_pll:pll|outclk_wire[1]'
Slack : 0.218
TNS   : 0.000

Type  : Slow 1100mV 0C Model Hold 'clk40'
Slack : 0.389
TNS   : 0.000

Type  : Slow 1100mV 0C Model Hold 'altera_pll:pll|outclk_wire[0]'
Slack : 0.397
TNS   : 0.000

Type  : Slow 1100mV 0C Model Minimum Pulse Width 'altera_pll:pll|general[0].gpll~FRACTIONAL_PLL_O_VCOPH0'
Slack : 1.666
TNS   : 0.000

Type  : Slow 1100mV 0C Model Minimum Pulse Width 'altera_pll:pll|outclk_wire[1]'
Slack : 3.762
TNS   : 0.000

Type  : Slow 1100mV 0C Model Minimum Pulse Width 'clk40'
Slack : 11.825
TNS   : 0.000

Type  : Slow 1100mV 0C Model Minimum Pulse Width 'altera_pll:pll|outclk_wire[0]'
Slack : 24.240
TNS   : 0.000

Type  : Fast 1100mV 85C Model Setup 'altera_pll:pll|outclk_wire[0]'
Slack : 8.586
TNS   : 0.000

Type  : Fast 1100mV 85C Model Setup 'altera_pll:pll|outclk_wire[1]'
Slack : 8.598
TNS   : 0.000

Type  : Fast 1100mV 85C Model Setup 'clk40'
Slack : 22.924
TNS   : 0.000

Type  : Fast 1100mV 85C Model Hold 'altera_pll:pll|outclk_wire[1]'
Slack : 0.137
TNS   : 0.000

Type  : Fast 1100mV 85C Model Hold 'clk40'
Slack : 0.210
TNS   : 0.000

Type  : Fast 1100mV 85C Model Hold 'altera_pll:pll|outclk_wire[0]'
Slack : 0.217
TNS   : 0.000

Type  : Fast 1100mV 85C Model Minimum Pulse Width 'altera_pll:pll|general[0].gpll~FRACTIONAL_PLL_O_VCOPH0'
Slack : 1.666
TNS   : 0.000

Type  : Fast 1100mV 85C Model Minimum Pulse Width 'altera_pll:pll|outclk_wire[1]'
Slack : 3.919
TNS   : 0.000

Type  : Fast 1100mV 85C Model Minimum Pulse Width 'clk40'
Slack : 11.888
TNS   : 0.000

Type  : Fast 1100mV 85C Model Minimum Pulse Width 'altera_pll:pll|outclk_wire[0]'
Slack : 24.568
TNS   : 0.000

Type  : Fast 1100mV 0C Model Setup 'altera_pll:pll|outclk_wire[1]'
Slack : 8.711
TNS   : 0.000

Type  : Fast 1100mV 0C Model Setup 'altera_pll:pll|outclk_wire[0]'
Slack : 8.725
TNS   : 0.000

Type  : Fast 1100mV 0C Model Setup 'clk40'
Slack : 23.102
TNS   : 0.000

Type  : Fast 1100mV 0C Model Hold 'altera_pll:pll|outclk_wire[1]'
Slack : 0.078
TNS   : 0.000

Type  : Fast 1100mV 0C Model Hold 'clk40'
Slack : 0.199
TNS   : 0.000

Type  : Fast 1100mV 0C Model Hold 'altera_pll:pll|outclk_wire[0]'
Slack : 0.201
TNS   : 0.000

Type  : Fast 1100mV 0C Model Minimum Pulse Width 'altera_pll:pll|general[0].gpll~FRACTIONAL_PLL_O_VCOPH0'
Slack : 1.666
TNS   : 0.000

Type  : Fast 1100mV 0C Model Minimum Pulse Width 'altera_pll:pll|outclk_wire[1]'
Slack : 3.912
TNS   : 0.000

Type  : Fast 1100mV 0C Model Minimum Pulse Width 'clk40'
Slack : 11.889
TNS   : 0.000

Type  : Fast 1100mV 0C Model Minimum Pulse Width 'altera_pll:pll|outclk_wire[0]'
Slack : 24.557
TNS   : 0.000

------------------------------------------------------------
